../train/lfm-onnx/exports/lfm-merged-ONNX (q4) ready in 467 ms
PASS  1826ms  can you bring up Jupiter
      -> show_object({"name":"Jupiter"})
PASS  2204ms  I want to see the Crab Nebula
      -> show_object({"name":"the Crab Nebula"})
PASS  2413ms  where is Polaris
      -> show_object({"name":"Polaris"})
PASS  2435ms  point the view at Cassiopeia please
      -> show_object({"name":"Cassiopeia"})
PASS  2516ms  go to M13
      -> show_object({"name":"M13"})
FAIL  2459ms  lock onto Mars and follow it
      -> follow_object({"name":"Mars"}) ; follow_object({"name":"you"})
PASS  2263ms  follow Venus
      -> follow_object({"name":"Venus"})
PASS  2201ms  I'm in Reykjavik
      -> set_location({"place":"Reykjavik"})
PASS  2222ms  show the sky over Cape Town
      -> set_location({"place":"Cape Town"})
PASS  2209ms  change my location to Denver Colorado
      -> set_location({"place":"Denver Colorado"})
PASS  2468ms  what did the sky look like on March 3 1990 at 8pm
      -> set_date_time({"date":"1990-03-03","time":"20:00"})
PASS  2448ms  jump to 2030-05-17 at 23:15
      -> set_date_time({"date":"2030-05-17","time":"23:15"})
PASS  2007ms  return to the current time
      -> reset_to_now({})
PASS  2197ms  make time go a minute per second
      -> set_time_speed({"speed":"minute per second"})
PASS  2130ms  freeze time
      -> set_time_speed({"speed":"pause"})
PASS  2151ms  normal speed please
      -> set_time_speed({"speed":"real time"})
PASS  2208ms  rewind at an hour per second
      -> set_time_speed({"speed":"hour per second","backwards":true})
PASS  2053ms  closer
      -> zoom({"direction":"in"})
PASS  2053ms  pull back a bit
      -> zoom({"direction":"out"})
PASS  2098ms  telescope view
      -> set_view({"view":"telescope"})
FAIL  2119ms  show me what I'd see with just my eyes
      -> look_toward({"direction":"up"})
PASS  2107ms  turn around and face south
      -> look_toward({"direction":"south"})
PASS  2157ms  look northwest
      -> look_toward({"direction":"northwest"})
PASS  2165ms  show the ecliptic
      -> show_overlay({"overlay":"ecliptic"})
PASS  2222ms  put the planet names on
      -> show_overlay({"overlay":"planet names"})
PASS  2165ms  remove the constellation lines
      -> hide_overlay({"overlay":"constellation lines"})
PASS  2137ms  turn off the horizon
      -> hide_overlay({"overlay":"horizon"})
PASS  2150ms  plot the moon's path for 30 days
      -> show_path({"name":"the moon","days":30})
PASS  2135ms  trace Jupiter's motion over 365 days
      -> show_path({"name":"Jupiter","days":365})
PASS  2060ms  what is Sirius
      -> object_info({"name":"Sirius"})
PASS  2136ms  give me some facts about the Ring Nebula
      -> object_info({"name":"the Ring Nebula"})
PASS  2106ms  what time does Saturn rise
      -> rise_set_times({"name":"Saturn"})
PASS  2059ms  when is sunset
      -> rise_set_times({"name":"sun"})
PASS  2124ms  what galaxies can I see tonight
      -> list_visible({"kind":"galaxies"})
PASS  2161ms  name 3 visible clusters
      -> list_visible({"kind":"clusters","count":3})
PASS  2243ms  view from Paris and point at Venus
      -> set_location({"place":"Paris"}) ; show_object({"name":"Venus"})
PASS  2401ms  hide the grid and show the constellation lines
      -> hide_overlay({"overlay":"grid"}) ; show_overlay({"overlay":"constellation lines"})
PASS  2100ms  set an alarm for 7am
      -> (none)
PASS  2065ms  how tall is the Eiffel Tower
      -> (none)
PASS  2087ms  play some music
      -> (none)

38/40 passed; mean latency 2186 ms (prompt ~1443 tokens)
